// Jest Snapshot v1, https://goo.gl/fbAQLP

exports[`jest snapshot tests renders correctly 1`] = `
<View
  style={
    Object {
      "flex": 1,
      "fontSize": 32,
      "marginHorizontal": 10,
      "marginTop": 40,
    }
  }
>
  <ActivityIndicator
    animating={true}
    color="#999999"
    hidesWhenStopped={true}
    size="small"
  />
</View>
`;
